


------------------------------------------------------------------------
2012-10-08

Output when everything is working OK with i3.


[christer@Arch ~]$ xauth -n
Using authority file /home/christer/.Xauthority
xauth> list
localhost/unix:0  MIT-MAGIC-COOKIE-1  ebb58834ce8a85a2b259b93fe0e82464
Arch/unix:0  MIT-MAGIC-COOKIE-1  0710b9dc166e8f705c24bafd90364889
xauth> q
[christer@Arch ~]$ hostname 
Arch

-------------------------------------------------------------------------


------------------------------------------------------------------------
2012-10-09


Output when everything is working OK with i3.

[christer@localhost ~]$ xauth -n
Using authority file /home/christer/.Xauthority
xauth> list
localhost/unix:0  MIT-MAGIC-COOKIE-1  ebb58834ce8a85a2b259b93fe0e82464
Arch/unix:0  MIT-MAGIC-COOKIE-1  0710b9dc166e8f705c24bafd90364889
xauth> 

----------

Output when it is not working OK with i3.

[christer@localhost ~]$ xauth -n
Using authority file /home/christer/.Xauthority
xauth> list
localhost/unix:0  MIT-MAGIC-COOKIE-1  ebb58834ce8a85a2b259b93fe0e82464
Arch/unix:0  MIT-MAGIC-COOKIE-1  0710b9dc166e8f705c24bafd90364889
xauth>

--------------------------------------------------------------------------

Restart

Output when everything is working OK with i3.

[christer@Arch ~]$ xauth -n
Using authority file /home/christer/.Xauthority
xauth> list
localhost/unix:0  MIT-MAGIC-COOKIE-1  ebb58834ce8a85a2b259b93fe0e82464
Arch/unix:0  MIT-MAGIC-COOKIE-1  0710b9dc166e8f705c24bafd90364889
xauth>
---------

-----------------------------------------------------------------------
2012-10-10r

Output when everything is working OK with i3.

[christer@localhost ~]$ xauth -n
Using authority file /home/christer/.Xauthority
xauth> list
localhost/unix:0  MIT-MAGIC-COOKIE-1  ebb58834ce8a85a2b259b93fe0e82464
Arch/unix:0  MIT-MAGIC-COOKIE-1  0710b9dc166e8f705c24bafd90364889
xauth> 
------------

Try to open application, got 
Invalid MIT-MAGIC-COOKIE-1 keyLog closed on Wed Oct 10 19:04:12 2012

[christer@localhost ~]$ xauth -n
Using authority file /home/christer/.Xauthority
xauth> list
localhost/unix:0  MIT-MAGIC-COOKIE-1  ebb58834ce8a85a2b259b93fe0e82464
Arch/unix:0  MIT-MAGIC-COOKIE-1  0710b9dc166e8f705c24bafd90364889
xauth> 


